// Jest Snapshot v1, https://goo.gl/fbAQLP

exports[`RepoItem should render correctly 1`] = `
<tr
  className="repo-item"
  onClick={[Function]}
>
  <td />
  <td />
  <td>
    <button
      className="close"
      onClick={[Function]}
      type="button"
    >
      <span
        aria-hidden="true"
      >
        Ã—
      </span>
    </button>
  </td>
</tr>
`;
