// Jest Snapshot v1, https://goo.gl/fbAQLP

exports[`RepoItem should render correctly 1`] = `
<Provider
  store={
    Object {
      "clearActions": [Function],
      "dispatch": [MockFunction],
      "getActions": [Function],
      "getState": [Function],
      "replaceReducer": [Function],
      "subscribe": [Function],
    }
  }
>
  <table>
    <tbody>
      <RepoItem
        id={123}
        name="facebook/react"
        starsCount={12345}
      >
        <tr
          className="repo-item"
          onClick={[Function]}
        >
          <td>
            facebook/react
          </td>
          <td>
            12345
          </td>
          <td>
            <button
              className="close"
              onClick={[Function]}
              type="button"
            >
              <span
                aria-hidden="true"
              >
                Ã—
              </span>
            </button>
          </td>
        </tr>
      </RepoItem>
    </tbody>
  </table>
</Provider>
`;
