// Jest Snapshot v1, https://goo.gl/fbAQLP

exports[`DetailsPage should render correctly 1`] = `
<Provider
  store={
    Object {
      "clearActions": [Function],
      "dispatch": [MockFunction] {
        "calls": Array [
          Array [
            Object {
              "payload": "10270250",
              "type": "GET_REPOSITORY_LANGUAGES",
            },
          ],
        ],
        "results": Array [
          Object {
            "type": "return",
            "value": undefined,
          },
        ],
      },
      "getActions": [Function],
      "getState": [Function],
      "replaceReducer": [Function],
      "subscribe": [Function],
    }
  }
>
  <DetailsPage>
    <div
      className="details-page"
    >
      <div
        className="details-head"
      >
        <div
          className="stats-col"
        >
          facebook/react
        </div>
        <div
          className="stats-col"
        >
          <a
            href="https://github.com/facebook/react.git"
          >
            Clone
          </a>
        </div>
      </div>
      <div>
        <div
          className="stats-col"
        >
          <div
            className="stats-head"
          >
            Stats:
          </div>
          <div>
            Watchers: 
            6678
          </div>
          <div>
            Stars: 
            154386
          </div>
          <div>
            Forks: 
            30270
          </div>
        </div>
        <div
          className="stats-col"
        >
          <div
            className="stats-head"
          >
            Languages:
          </div>
          <div
            key="JavaScript"
          >
            JavaScript
            : 
            94.9%
          </div>
          <div
            key="HTML"
          >
            HTML
            : 
            2.2%
          </div>
          <div
            key="CSS"
          >
            CSS
            : 
            1.2%
          </div>
          <div
            key="C++"
          >
            C++
            : 
            0.8%
          </div>
          <div
            key="TypeScript"
          >
            TypeScript
            : 
            0.4%
          </div>
          <div
            key="CoffeeScript"
          >
            CoffeeScript
            : 
            0.3%
          </div>
          <div
            key="C"
          >
            C
            : 
            0.1%
          </div>
          <div
            key="Shell"
          >
            Shell
            : 
            0.1%
          </div>
        </div>
      </div>
      <Button
        active={false}
        disabled={false}
        onClick={[Function]}
        size="sm"
        variant="primary"
      >
        <button
          className="btn btn-primary btn-sm"
          disabled={false}
          onClick={[Function]}
          type="button"
        >
          Go back
        </button>
      </Button>
    </div>
  </DetailsPage>
</Provider>
`;
